Γû▓ Next.js 16.2.4 (Turbopack)

node.exe : ΓÜá The "middleware" file convention is 
deprecated. Please use "proxy" instead. Learn more: 
https://nextjs.org/docs/messages/middleware-to-proxy
At line:1 char:1
+ & "C:\Program Files\nodejs/node.exe" 
"C:\Users\VED\AppData\Roaming\np ...
+ ~~~~~~~~~~~~~~~~~~~~~~~~~~~~~~~~~~~~~~~~~~~~~~~~~~~~~
~~~~~~~~~~~~~~~~
    + CategoryInfo          : NotSpecified: (ΓÜá The " 
   middle...leware-to-proxy:String) [], RemoteExcepti  
  on
    + FullyQualifiedErrorId : NativeCommandError
 
  Creating an optimized production build ...
Γ£ô Compiled successfully in 2.9s
  Running TypeScript ...
  Finished TypeScript in 2.3s ...
  Collecting page data using 9 workers ...
Error: Failed to collect configuration for /market/[id]
    at ignore-listed frames {
  [cause]: Error: `key_id` or `oauthToken` is mandatory
      at new b (C:\Users\VED\MNIT Reseller\.next\server
\chunks\ssr\[root-of-the-server]__05e.52w._.js:3:63106)
      at module evaluation (C:\Users\VED\MNIT Reseller\
.next\server\chunks\ssr\[root-of-the-server]__05e.52w._
.js:3:64339)
      at instantiateModule (C:\Users\VED\MNIT Reseller\
.next\server\chunks\ssr\[turbopack]_runtime.js:853:9)
      at getOrInstantiateModuleFromParent 
(C:\Users\VED\MNIT Reseller\.next\server\chunks\ssr\[tu
rbopack]_runtime.js:877:12)
      at Context.esmImport [as i] (C:\Users\VED\MNIT Re
seller\.next\server\chunks\ssr\[turbopack]_runtime.js:2
81:20)
      at module evaluation (C:\Users\VED\MNIT Reseller\
.next\server\chunks\ssr\[root-of-the-server]__03a7zdo._
.js:1:12393)
      at instantiateModule (C:\Users\VED\MNIT Reseller\
.next\server\chunks\ssr\[turbopack]_runtime.js:853:9)
      at getOrInstantiateModuleFromParent 
(C:\Users\VED\MNIT Reseller\.next\server\chunks\ssr\[tu
rbopack]_runtime.js:877:12)
      at Context.esmImport [as i] (C:\Users\VED\MNIT Re
seller\.next\server\chunks\ssr\[turbopack]_runtime.js:2
81:20)
      at module evaluation (C:\Users\VED\MNIT Reseller\
.next\server\chunks\ssr\[root-of-the-server]__03a7zdo._
.js:1:16894)
}

> Build error occurred
Error: Failed to collect page data for /market/[id]
    at ignore-listed frames {
  type: 'Error'
}
